// Jest Snapshot v1, https://goo.gl/fbAQLP

exports[`FooterComponent should match snapshot 1`] = `
<app-footer>
  <footer>
    <div
      class="footer-content container"
    >
      <div
        class="footer-box"
      >
        <span
          class="main-title"
        >
          Coordonnées
        </span>
        <span>
          <br />
           1100 rue Notre-Dame Ouest 
          <br />
           Montréal, QC 
          <br />
           H3C 1K3 
          <br />
           Local : D-2020 
          <br />
           Courriel : 
          <a
            href="mailto:info@clubapplets.ca"
          >
            info@clubapplets.ca
          </a>
        </span>
      </div>
      <div
        class="footer-box"
      >
        <span
          class="main-title"
        >
          Médias sociaux
        </span>
        <span>
          <br />
           Restez en contact avec nous: 
        </span>
        <span
          style="margin-top:5px;"
        >
          <a
            href="https://github.com/ApplETS"
          >
            <img
              alt="Github page"
              class="logo-image"
              src="assets/images/GitHub-Mark-Light-64px.png"
            />
          </a>
          <a
            href="https://www.facebook.com/ClubApplETS/"
          >
            <img
              alt="Facebook page"
              class="logo-image"
              src="assets/images/facebook-logo.png"
            />
          </a>
          <a
            href="https://twitter.com/ClubApplETS"
          >
            <img
              alt="Twitter page"
              class="logo-image"
              src="assets/images/Twitter_Logo_WhiteOnBlue.png"
            />
          </a>
          <a
            href="https://www.linkedin.com/company/applets/"
          >
            <img
              alt="LinkedIn page"
              class="logo-image"
              id="linkedIn-logo"
              src="assets/images/linkedin-logo.png"
            />
          </a>
        </span>
        <span
          class="spacer"
        />
        <span>
          © 2018 App|ETS
        </span>
      </div>
    </div>
  </footer>
</app-footer>
`;
